
> @figma/my-make-file@0.0.1 build
> vite build

[36mvite v6.3.5 [32mbuilding for production...[36m[39m
transforming...
[32mΓ£ô[39m 19 modules transformed.
node.exe : [31mΓ£ù[39m Build failed in 362ms
At line:1 char:1
+ & "C:\Program Files\nodejs/node.exe" "C:\Users\shnit\AppData\Roaming\ ...
+ ~~~~~~~~~~~~~~~~~~~~~~~~~~~~~~~~~~~~~~~~~~~~~~~~~~~~~~~~~~~~~~~~~~~~~
    + CategoryInfo          : NotSpecified: ([31mΓ£ù[39m Build failed in 362ms:String) [], RemoteException
    + FullyQualifiedErrorId : NativeCommandError
 
[31merror during build:
[31m[vite:esbuild] Transform failed with 2 errors:
C:/Users/shnit/OneDrive/Desktop/Digital Publishing Platform/src/app/pages/AdminDashboardPage.tsx:1140:8: ERROR: 
Unexpected closing "main" tag does not match opening "div" tag
C:/Users/shnit/OneDrive/Desktop/Digital Publishing Platform/src/app/pages/AdminDashboardPage.tsx:1141:10: ERROR: 
Unterminated regular expression[31m
file: [36mC:/Users/shnit/OneDrive/Desktop/Digital Publishing Platform/src/app/pages/AdminDashboardPage.tsx:1140:8[31m
[33m
[33mUnexpected closing "main" tag does not match opening "div" tag[33m
1138|            </div>
1139|          )}
1140|        </main>
   |          ^
1141|      </div>
1142|    );

[33mUnterminated regular expression[33m
1139|          )}
1140|        </main>
1141|      </div>
   |            ^
1142|    );
1143|  }
[31m
    at failureErrorWithLog (C:\Users\shnit\OneDrive\Desktop\Digital Publishing 
Platform\node_modules\esbuild\lib\main.js:1467:15)
    at C:\Users\shnit\OneDrive\Desktop\Digital Publishing Platform\node_modules\esbuild\lib\main.js:736:50
    at responseCallbacks.<computed> (C:\Users\shnit\OneDrive\Desktop\Digital Publishing 
Platform\node_modules\esbuild\lib\main.js:603:9)
    at handleIncomingPacket (C:\Users\shnit\OneDrive\Desktop\Digital Publishing 
Platform\node_modules\esbuild\lib\main.js:658:12)
    at Socket.readFromStdout (C:\Users\shnit\OneDrive\Desktop\Digital Publishing 
Platform\node_modules\esbuild\lib\main.js:581:7)
    at Socket.emit (node:events:508:28)
    at addChunk (node:internal/streams/readable:563:12)
    at readableAddChunkPushByteMode (node:internal/streams/readable:514:3)
    at Readable.push (node:internal/streams/readable:394:5)
    at Pipe.onStreamRead (node:internal/stream_base_commons:189:23)[39m
